$ git branch 
* master
  moma
  whitney
$ git branch -D moma 
Deleted branch moma (was 978e5a1).
$ git branch -D whitney
Deleted branch whitney (was 9b384f9).
$ git branch unordered-list
$ git checkout unordered-list
Switched to branch 'unordered-list'
$ git add index.html
$ git commit -m "change p with ul"
On branch unordered-list
nothing to commit, working directory clean
$ git add index.html
$ git commit -m "replaced paragraph with unordered list"
[unordered-list 42b7f97] replaced paragraph with unordered list
 1 file changed, 6 insertions(+), 1 deletion(-)
$ git checkout master
Switched to branch 'master'
$ git merge unordered-list
Updating 1481f5a..42b7f97
Fast-forward
 index.html | 7 ++++++-
 1 file changed, 6 insertions(+), 1 deletion(-)
$ git branch big-heading
$ git checkout big-heading
Switched to branch 'big-heading'
$ git add index.html
$ git commit -m "added styles to the heading"[big-heading c7dda20] added styles to the heading
 1 file changed, 1 insertion(+), 1 deletion(-)
$ git checkout master
Switched to branch 'master'
$ git merge big-heading 
Updating 42b7f97..c7dda20
Fast-forward
 index.html | 2 +-
 1 file changed, 1 insertion(+), 1 deletion(-)
$ 